exports[`swipeList component should render correctly 1`] = `
<View
  style={
    Object {
      "flex": 1,
    }
  }>
  <ScrollView
    dataSource={
      ListViewDataSource {
        "items": 2,
      }
    }
    initialListSize={10}
    onContentSizeChange={[Function]}
    onEndReachedThreshold={1000}
    onKeyboardDidHide={undefined}
    onKeyboardDidShow={undefined}
    onKeyboardWillHide={undefined}
    onKeyboardWillShow={undefined}
    onLayout={[Function]}
    onScroll={[Function]}
    pageSize={1}
    removeClippedSubviews={true}
    renderRow={[Function]}
    scrollEventThrottle={50}
    scrollRenderAheadDistance={1000}
    stickyHeaderIndices={Array []}
    styles={
      Object {
        "flex": 1,
        "flexDirection": "column",
      }
    }>
    <View
      style={
        Array [
          Object {
            "backgroundColor": "#dbddde",
            "overflow": "hidden",
          },
          undefined,
        ]
      }>
      <View
        onLayout={[Function]}
        onMoveShouldSetResponder={[Function]}
        onMoveShouldSetResponderCapture={[Function]}
        onResponderEnd={[Function]}
        onResponderGrant={[Function]}
        onResponderMove={[Function]}
        onResponderReject={[Function]}
        onResponderRelease={[Function]}
        onResponderStart={[Function]}
        onResponderTerminate={[Function]}
        onResponderTerminationRequest={[Function]}
        onStartShouldSetResponder={[Function]}
        onStartShouldSetResponderCapture={[Function]}
        style={
          Array [
            Object {},
            Object {
              "left": 0,
            },
          ]
        }>
        <View
          style={
            Object {
              "backgroundColor": "rgb(50,50,50)",
              "height": 50,
              "justifyContent": "center",
              "padding": 10,
            }
          }>
          <Text
            accessible={true}
            allowFontScaling={true}
            ellipsizeMode="tail"
            style={
              Object {
                "color": "white",
              }
            }>
            initial
          </Text>
        </View>
      </View>
      <View />
      <View />
    </View>
    <View
      style={
        Array [
          Object {
            "backgroundColor": "#dbddde",
            "overflow": "hidden",
          },
          undefined,
        ]
      }>
      <View
        onLayout={[Function]}
        onMoveShouldSetResponder={[Function]}
        onMoveShouldSetResponderCapture={[Function]}
        onResponderEnd={[Function]}
        onResponderGrant={[Function]}
        onResponderMove={[Function]}
        onResponderReject={[Function]}
        onResponderRelease={[Function]}
        onResponderStart={[Function]}
        onResponderTerminate={[Function]}
        onResponderTerminationRequest={[Function]}
        onStartShouldSetResponder={[Function]}
        onStartShouldSetResponderCapture={[Function]}
        style={
          Array [
            Object {},
            Object {
              "left": 0,
            },
          ]
        }>
        <View
          style={
            Object {
              "backgroundColor": "rgb(50,50,50)",
              "height": 50,
              "justifyContent": "center",
              "padding": 10,
            }
          }>
          <Text
            accessible={true}
            allowFontScaling={true}
            ellipsizeMode="tail"
            style={
              Object {
                "color": "white",
              }
            }>
            todos
          </Text>
        </View>
      </View>
      <View />
      <View />
    </View>
  </ScrollView>
</View>
`;
